// Jest Snapshot v1, https://goo.gl/fbAQLP

exports[`Project Component should match contain all the required elements in the tree 1`] = `
<article
  className="sc-fzoLag OTeKO"
>
  <h3
    className="sc-AxmLO kYuaTq"
  >
     
    ZUBBAH.COM (C. 2016)
     
  </h3>
  <div
    className="sc-AxirZ sc-fzqBZW cJgzER"
  >
    <img
      height="300px"
      src="data:image/jpeg;base64,/9j/4AAQSkZJRgABAQAAAQABAAD/2wBDABALDA4MChAODQ4SERATGCkbGBYWGDIkJh4pOzQ+PTo0OThBSV5QQUVZRjg5Um9TWWFkaWppP09ze3Jmel5naWX/2wBDARESEhgVGDAbGzBlQzlDZWVlZWVlZWVlZWVlZWVlZWVlZWVlZWVlZWVlZWVlZWVlZWVlZWVlZWVlZWVlZWVlZWX/wAARCAEsAfUDASIAAhEBAxEB/8QAGwAAAQUBAQAAAAAAAAAAAAAAAAECAwQFBgf/xABSEAABAwIDAwgGBgYGCAYCAwABAAIDBBEFEiETMVEGFCJBYXGRkjJSVIGh0RZVk7HB0xUjQmLh8AczNVNycxckQ3SCorLxJTREY8LSNkWDhOL/xAAaAQEAAwEBAQAAAAAAAAAAAAAAAQIDBAUG/8QAMxEAAgIBAgUCAgkFAQEAAAAAAAECEQMhMQQSE0FRFGEFoSIyUlNxgbHR8CMzkcHhQqL/2gAMAwEAAhEDEQA/AO9lfs4y8NLiOoKsMRhAGfMCTYWFwSN9j1qaWSMROMwaIwOkXkWt2qjz3B4yQaiiaSQSDMz3daE0Wo66KWV0bLlwF7W/ns8Ura6J0Rks8ANDrFuuqIRT5Q+GOPK7UOZax7bhKIoA1zRAzK61xlGttyECProGODSXagEWaToUn6QguAc4JNvQO9BNLJIYcsRkYASwEZmjqNt4TmxQNa1ohYA3doNEAwYjTnQZ72vbIUCvjOUBkmZx0Fu21/x7kP5pTtDnshiaSGgus0XO4J+ygzX2DL8co43+9AJHXQyPaxpJc7906IdWMZmdI0tjDi0O33I36J2SK4OxbcbtAkdFA8kugY4k3JLRqgGiujEQkkBaLndraxtdK+sY3Pla5xY5rXWHWfv3pxZEct4m9E3Gg0KYx1LHIKdjYmvIz7MEA2HXb8UAn6QiJaGNc7MdDaw3gH4lDcQgcWt6WZwuAGnUce66eI4AbiBgN77hvRs4dP1LNNBoNP5uUBVqMXjgndEYnmziM1xbogE34aEW4kpsWNxSPibsZGiUMc0m255s3336uwq46KBznOdAwufbMS0a23XQ2KBpu2BgObNo0b+PegK0uKbJr3uh0Y4gszdO2utrW3AnfuCSXGI4Ys8kT+i4h4BBtZwbpx1cPdfr0VkQ04JIp4wSST0RqTvRsKfKxvN47MN2jKND2ICm3GmOkEYgfnMgi1cLZzfTusN60KWdtVSw1DAQ2VgeA7eARfVQ81pLW5rFa1vQG7epmuaxoa1ga0CwA3AICVCZtOxG07EA9CZtOxG07EA9CZtOxG07EA9CZtOxG07EA9CZtOxG07EA9CZtOxG07EA9CZtOxG07EA9CZtOxG07EA9CZtOxG07EA9VHYhC2VsZzXdmGgvuIH4/BWNp2KNzYnWzRNNt1xu6/wQBTVTKhosC05Q6xHHt61OoImRQlxjjDS7fZSbTsQED6wRmbaNAEbS4EEm9t/VpvHimjEIszw5rm5QL3HWdbeCeYac3vTxm5ueiNTx+KTYU3s8e63ojjdANGIRmNzw15DSOrqJIB+BSDEoC5wIeMrsvo3vusdON1MGxNFhE0DdYAfz1pBHCCCIWAi1tB1f9ggGc/jDy0teAGhwJbvvfT4I/SEJsWtkc0jNmDepP2UGXLsGZeGUIMcJaGmBlgLAWH89aAna4OaHDcRcKOeYQNa5wJDnBunVfrSh4AADbAbgEjyyRuV7A4cDqgIWYhE9j3AOu0E2tvAO/33SmujawmToOaSHDUgW36+5ODIw9ztmLuGU8LfyUjYKdlssDBYEDQbib2+KAYa+PaOZlILSA64Olxf8FNBUMnLsjXANtqRb+dyaI4Ra0LBbdoE6MRxf1cTW9wsgJlUlrmQ1Bje3QDeDc+HDcO8hWNp2Jj2xvvnia6++49yAi/SEPVmI/wnXW333QzEIXua0B+ZxtbL1/zqgU9OHPcYg7PvuAVIGQtdmELQ7iAEBOmPeGFoIJzOsjadiZJkkblkjDhwOqAYa6EGwzXv6p42v3XUkE7KhmaO9tDqLaEXChdTwOc12yAyuzaAC5/kBTMLGCzGBotbRASoTNp2IQET2NkYWPaHNcLEHcVn1tLhVJTSVVTR0+SMXJ2YueAC0VjRD9N14qHC+H0zv1TTulf63cOpSi8VevYZgLzQQ09HPE6N9W6SeKMaiJmhyn7/AHrbc7KxzjuaCVm1gvyjw4/+1L+C0Zv6mT/AfuUvXUSWz8nOUuMUgxWpxGRzo4ZaWLI1wu4nM4WAG86K8cde1u0kwnEGQb9oWA2HEi91lcm6SKTEKeaRoc6GjaYweolzhf8AniutUypMtkSjKjCx6phqsHpqiCRskTqqIh4OnpKd2OslkeKChqq1rSQZImgMv2E71i4zTMZNiFHH0ad8tPKWjcxziQ63C662KKOniZDCwMjjGVrRuAR0kRJJJFSgxWnrpHwtbJDURi74Jm5Xgce0dySvxWCilbBkknqXi7YIW5nW4ngFXx6MMkoKxmlRFUsYHDeWuNi3uTeTjBJDVVrxeoqKh+dx3gA2De4BRSqyKVWPbjsccjGV9HU0IebNkmaCy/aRuVbEq2HD+U8U0+Yg0RY1rG5nOcX6ABbc8EVVA+nnYHxSDK5p6wuV5Ou5zilA6Y7R0FHI1jzr6MmUHwKlVuTGtzYbjrWSMbW0VVRMkOVskzRlv1AkHRamdmfJnbn9W4v4KrjEbZcHrWPaHNMDzY8Q0kfFUsDklNLSufncyRvp3Fi6261r/FRSasrSas2EqRKqlRua+oa4juRc+q7wRn2cDXWvoEwVbdSWEAWsbjU8PG/ggH3Pqu8EXPqu8E11S0RB+U2Jt1br70pqGBoLg4a2tpv/AJP3oBbn1XeCLn1XeCBUMLSbEZb3HC29N51HcWDjfda3zQDrn1XeCLn1XeCRk+fVrDl4k9l/xSc5aAC9rh0cxt1BAOufVd4IufVd4JGz3LQWEFxItcaWUyAiufVd4IufVd4KVCAiufVd4IufVd4KVCAiufVd4IufVd4KVCAiufVd4IufVd4KVCAiufVd4IufVd4KVCAiufVd4IufVd4KVCAiufVd4IufVd4KVCAiufVd4KnX4vRYa6NtZK6IyAlvQJvbfu71oriv6QP/ADNB/gf97VaCt0XxxUpUzaHKfCDuqj9m75JTymwkf+pP2bvkuNweOPZ1dTJE2d1NGHMidqCS4C5HWApqox1mEOqzTxQSxzCO8LcrZAQTu3XFvitenE7PTQ9zrYuUuEyzMibVdN5DRdhAv32WsvJqf/zlP/mt+8L1k7yqZIqOxzZsaxukZ9fjeHYbMIauoDJC3NlDSTb3KuOVGEFpcKl5a3e4ROsO/Rcpyza53KNzWtLnOjYAALkmy3sKwfF6Xk9UULo6Nrp7kB5JIuNb2FlPLFJNk9OKimy/BylwionZDHVjO85W3YQL99lrLyrmc9Bi8NNVRmOVkrLg9YuNQesL0yaCYyPLJLC5y9Ig67/ionFR2K5YKNUWUirtgl2cgc+znG7SHHQ3TRFVNBDZBuA1du11O7rHUszItrHfypwZjy01l7G1wxxHjZawFo7XJs3eSvOMFqBPS1VDVBs0TIzNDHK9wa1zTd1suvolx04K8Yp3ZrjgpJtnX/SvBvaz9m75K7h2K0WJ5+ZziQx2zCxBF+9crS0OGVFU2JtDTFu1Y1xEk+jSCSdRa9gk5CBslbX5QWtdELC+4ZtFZxVNotLHGm0dwhU+bSg3DgXXDs5cbnQXb3E3Pv3JW08u2dIZA1zr7tS24016wD1LIwLdkWPBU3U0rm2bkjGUtLQSQ6+8nt3eHapKenETi4huYtDbgcCf4eCAsIQhACEIQFfEIH1NBUQROyvkjLWntWXTYjVwUcbG4Q7JE0N6Erbe7vW4m7NmUtyNyneLCxUpmkZpKmrMueOrroYK2GEU9XA4lkcjg4PaRqCRxSTVOKVkRp4sPNK54yumlkBDR12tvWtuQljqexiV1K3D20b6GQNqaePI1r90rBvB+9IMeqJWhsNADK4aHbBzR26arcIDvSaCN9iLqnHRTQ7PZVNskZZZzL6kk3393gl+R1L+srK9PhTJaCoZVvMs1WbzSZS2xG7KDuA6k2KoxSiaIZ6I1gbo2aF4BcO0HrV6RtUzDyyOQSVQZYSEWBdxsminqwQOe6BrR/VC9wdTv69yWOo3vqVYqWrr6yKqxBjYIoDmhp2uzHN6zimugqsPrJ5sPYyohmdnmps1nNeetp7eBU7aaukgzSVQjnLnOb0ARHcWA362VoxSGSFwlyht9oA0frDaw7rb0sdR3toZ0s2KV7TBDSGhY/R80rwXAdeUDrVTAcLqaKuhdJCWRsp5I7kjeZLj4LaminfNG+Kp2bG+kzICHa8epRmmqnxOZJW3vm1bGBv3de4a96nm0odTSkiSujdNQVMTBme+J7WjiSCFTwullp4KVskRbIxtnuuLWy2t3qd1JUSRmKWr/VmMMIYyxvfU3v1jRXFF6UUvSgSoQoIEa5oYGuvoNRlKC6MixH/KfkhKgEzR6abjf0T8kfqujp6O4ZSlQgEBjG4W0t6J+SLx3vb/AJT8kqEABzBuH/KUZmcP+UoQgEzR2tbQfun5JQ9g3X8pQhALtG8T5SjaN4nylIhALtG8T5SjaN4nylIhALtG8T5SjaN4nylIhALtG8T5SjaN4nylIhALtG8T5SjaN4nylIhALtG8T5SjaN4nylIhALtG8T5SjaN4nylIhALtG8T5SuU5Z0FXiE9G6jp5Jgxrw4tG65C6pCmLp2WhLldo87pMLxqkmEsNHURvGlwBu4K+8Y5NTzQVWGvqIpG2a0sDdm7qcLfyV2qFp1W+xu+Jb3SPN6bAcVNZATQytAkaS5wAAF16Qd5SJVSUnIyyZHkds43lJhuJnlFFX0VK6cMEb2kC4zNO4rbixzEDENrgNYJLahhaQtZKjlapkOdpJo4avpsZxnHaeplwx9OxjmtF9zWg3uSuynhkkm2jJcthYN6jc636+CmSo5WJT5qKpgnO6S2/XOdOHhu+KHU8ztXS65mmwe61gb29+itIVSghFwRxXAYNguKUWMRyzUkkbIw8F+TMNWkdRG++9egJFaMqLxm4prycdlxmsgqY6ihkgGyOzF5XZzw/rLD3hScj8JraOSsdVwOgEkYY3PvJuuuSKXO1RLyNqio6nqL9CbogGwLjx0vpr4/NSGBxme8OABv3m5B17rfFWEKhmUmUs4aAah1g0AAPNtG24X3671PDFIyRxc/Mw7gXEkfz71MhACEIQAhCEBUxSsOH4bPVhm0MTc2W9r623rl/p2/6ub9r/Bb/ACm//Ha7/L/ELzihzc+gyZ820Ftm4Nde/UTuPatscU1qdGKEZRbZ1H06f9Wj7U/JH07f9XN+1/gquK86/Rs+0bieSwvtq1j2bxvaBcrmldQi+xrHHBrY6/6dv+rm/a/wR9O3/Vzftf4LGwijw+oppXVtQyOYvAiaXW0Fi6/eLgXU0tLhTa6VsJZIxsDXRxmfK1782oLu7WyhxguxHJjuqNP6dv8Aq5v2v8EfTt/1c37X+CzW4RhQiaH4o3aObGSWvBay56R3a200Vh/J3D2UoqTXyuie5wY/I1rTa9m5ibXJFr/BKh4I5cfgtfTt/wBXN+1/gj6dv+rm/a/wWdHhWDlz4zijTbIRKQBmuXXAHVuG++8e+liNDR0zYebVzZs7nhxI3WOhsL7/AObIow8EqGNuqN76dv8Aq5v2v8FewflPPi9bzWKjiidkL8z5CRpbgO1cLIxrMmWVsmZtzlBGXUixuOy/vW9yG/8AyD/+B/3hJQilYnjgotpHc2r/AFKXzO+SLV/qUvmd8lbVfEJaiGilkpIhLO0DIw9eqws5LGWr/UpfM75ItX+pS+Z3yWX+ksdIc8YY3fdsZabltz+1mte1ureVYkqsXMzWx00eUtjJvETqR0hfMLWPYe9LFly1f6lL5nfJFq/1KXzO+SyjiOOhgIw5h6FydmfSserN1bu3fot6MuMTC/0i0E6W17kFla1f6lL5nfJFq/1KXzO+StrLxSrxSnqI2UFEyojc25cTbKb2tv7WnuDksWWbV/qUvmd8kWr/AFKXzO+Sy3YljrcoGGNffTMGkW9E7s3a8dtgdFLTV2MPmjbNQsEbh0n5SMhs42Iuf3de/iEsWX7V/qUvmd8kWr/UpfM75LN57jgja7mkZuBcbFwIPS/f1F2gX6g4EjqU1DW4tLWMjq6NsMRc+7gwnQBuXW/Eu17NwSxZctX+pS+Z3yRav9Sl8zvkraEsWVLV/qUvmd8kWr/UpfM75LPdiGLNEw5ldwvs7REj07a9LXo69SJavGsr3RU0RI2lozC6/RPR6WcA5hqlizQtX+pS+Z3yRav9Sl8zvks04hjY1GGtdYjM0AjQAXsb6k62GlrW1vdK2vxowlz6JjHhrSGiJzs1zrbpaW4HxCCzRtX+pS+Z3yRav9Sl8zvkrY3ISxZUtX+pS+Z3yRav9Sl8zvkq9bU4rFVPFLSxSwNDLZr5nEnW2trAX/iqjsRx1rC5uGtcQCSzKRbQ2sb9K+h6rbt+qWLNO1f6lL5nfJFq/wBSl8zvkqMNdixc7a0YtkkIDYyOkL5RcutY/wA23oFfizqSF/MQ2YxvL2lhN3jcB0uiDxN0sWXrV/qUvmd8kWr/AFKXzO+SypcSx1hIZhjXjKS1+Qi9g7qzaX6GnVcqc1WNbTZGmgBaRme2NzmkFzRp0h1FxP8Ah96WLL1q/wBSl8zvki1f6lL5nfJZf6QxwAE0LP6vMf1Trh2Y3AGbXQdgud4W8NQL70sWVbV/qUvmd8kWr/UpfM75K2s2uqsRhqnc3pmy07Y2m+QlxcS64GvVZvV1pYsntX+pS+Z3yRav9Sl8zvks4V+NiCpLsOYJY2tMVgSHkusevqGqkqMQxQSRiDDiI3xMLnPbmMbiRe4B1sL6Dr60Fl21f6lL5nfJFq/1KXzO+Sz5K7GQAWUrCSHkgwO0ILco9LW4Lj7rdqQ1+MhxDaAEB2l4yMwuOvNoQLm+4kWHFLFmjav9Sl8zvki1f6lL5nfJZjMQxwtbmoY2OyEkmNxGax00d3cfxW1Tue+njfI0te5gLmkWINt1rm3iUsWQWr/UpfM75ItX+pS+Z3yVtZuKVWIU8sbaGlEzDG9znFpNnC2Ubxv1SxZPav8AUpfM75ItX+pS+Z3yVOnrMVfUNbNSNbGXPGbZu6gct9dBpv1vcWHWoTXY4Is4pIySwHLsXAh3S09P91uvUHAkdSWLNK1f6lL5nfJFq/1KXzO+Sp0VZista2Oqo2wwl0l3BhOgy5db21u7Xs3Ba6WLKlq/1KXzO+SLV/qUvmd8lbWC7Ecb2szRhrWsY5wa/KXZgHGxtm6xbxv1WSxZp2r/AFKXzO+SLV/qUvmd8lSoq3F5a1kdVRNhhL33cGk2aL21vbq3/ALYSxZUtX+pS+Z3yRav9Sl8zvkraEsWVLV/qUvmd8lJFt7HbiMHq2ZJ+9Tprt6gWIhCEIKGO00tXg1VT07M8sjLNbcC5uOsrhPorjfsQ+2Z816Q8kNuFHtHdivGbjsaQyuCpHnf0Uxr2EfbM+aPorjfsQ+2Z816LtHdiM7uxW6si/qJHnX0Vxv2IfbM+aPorjfsQ+2Z816Lnd2Jc7uxOrIeokec/RXG/Yh9sz5o+iuN+xD7ZnzXo2Z3YjM7sTqyHqJHnP0Vxv2IfbM+aPorjfsQ+2Z816LndwCc14/aBCdWQ9RI84+iuN+xD7ZnzWrybwjFMJxTnNTQPczZubaOWMm5txcOC7YAO3G6HNIG/wAVDyNqiHmk1TKnPp/qur88P5iOfT/VdX54fzFYB1III7epOsFSzK/Yq8+n+q6vzw/mI59P9V1fnh/MVvKEZUsX7FTn0/1XV+eH8xHPp/qur88P5iuZe9GUdqWL9inz6f6rq/PD+Yjn0/1XV+eH8xXMo7UZB2pYv2KfPp/qur88P5iOfT/VdX54fzFcyDtRkHali/Yp8+n+q6vzw/mI59P9V1fnh/MVzIO1BZ3pYv2KfPp/qur88P5iOfT/AFXV+eH8xW8o7UuUdqWL9inz6f6rq/PD+Yjn0/1XV+eH8xXMo7UZR2pYv2KfPp/qur88P5iOfT/VdX54fzFcyDtRkHEpYv2KfPp/qur88P5iOfT/AFXV+eH8xXcg7UZB2pYv2KXPp/qur88P5iOfT/VdX54fzFdyDtRkHali/Ypc+n+q6vzw/mI59P8AVdX54fzFdyDtRkHali/Ypc+n+q6vzw/mI59P9V1fnh/MV3IO1GQdqWL9ilz6f6rq/PD+Yjn0/wBV1fnh/MV3IO1GQdqWL9ilz6f6rq/PD+Yjn0/1XV+eH8xXcg7UZB2pYv2KXPp/qur88P5iOfT/AFXV+eH8xXMg7UZR2pYv2KfPp/qur88P5iOfT/VdX54fzFbyhAali/Yqc+n+q6vzw/mI59P9V1fnh/MVoixSE2CWL9itz6f6rq/PD+Yjn0/1XV+eH8xTDN6zvh8ktj67vh8ksX7EHPp/qur88P5iOfT/AFXV+eH8xWLaXzut7vkmknqc74fJA5JdiHn0/wBV1fnh/MRz6f6rq/PD+YpS4je53w+SZPUw0+Uz1LYgfXcGqSOZeBvPp/qur88P5iOfT/VdX54fzFPGRIdHuta4OmvwT9n++74fJQWenYq8+n+q6vzw/mI59P8AVdX54fzFbEV/23fD5I2X77vh8ksi/Yqc+n+q6vzw/mI59P8AVdX54fzFbMWnpu+HyUBLx+0fggteCPn0/wBV1fnh/MUsMz5gS+mlgtuEhYb+VxVYVMhldEXASDUAj0grMLy8G/UjItMlQhCgDX+io7Ka2bRIYj1FARWS2T8hHUksgG2S2S2S2QCWS2S2SgIBtkZQnWS2QEeTglu61jqO1PsiyAaywI1I7FJlG8adyblSZSNxQDtQlCaHHrCdoUAJUaoQAhCEAIQlQAhCEAlkJUIBEJUIBEJUiAAlSJUAIQhACEIOgJAueCAELMfis0EkfOcOmhie9se02jCAXGw0BvvK00JaoEKvQ1bKymE7WlgL3ss7i1xb+CJ6tsNZTUxaS6ozWI3DKLoKLCEaJChAJFAaxoxEUWU5jCZc3VYEC3xVhAIhCRAI7emO9Ep7t6Y70UA3qTb8Urj1JnWrIvFDmBznWGnHsVgNA6vemQizAeOpXLx0xfgM+L88qIqppkex4lNtHEBtt1ja3vUMtGCm7Ohra3m74oI8hmmJDc7rNaBvJ+SymNlqqesxDncJ2bXRxuDAA0NOrt5tfX4FVMOiNfiFRNUYWKnPM1r5XPAEdmi4sdTvSh4byPxGVtht5pCAODnhuiFujrV+PmTU8+I1DoubS5gwfrMxbfPro6x3WtuUmHY3FTRvjraiWonLibRsdJoNDaw3XVevdJhWIyNpwdpXU7GxD/3R0fgCCqxa3D8WdBBiMdDsKZkYe9gcX3NzYHt1U7mscMZKzdn5Q0tPI5hhqn5GtfIWRXEYIuL8NCnNx2mdTVc2V45tbo9bw4dEjvWFVPqTXYg/bGOhmqG09S9jAXAZAL9g6lpzYbH9IaIRQv2EdPdxAOQlvoX6rjVQVeOCSssVeI1AEFLEIIK+dmcRzOJaOIuBqVTo8beypdR4vHHTVA1Dw4FjvkVuTU0UwBmiZKW6tzNBt3LIxiOGlwmpmhpI2Pa24OzaOscNVR2tSMbxyqDjuUsXxelYY3wXlmY6+0YNGt6+/uWrg9TFV0754Znytc7XOLFp4Wtosbku+GspqgS0cJs4WAjBG7tXQ0sUMO0ZBC2EXBLWtDdbdiJt6snPDHjbxxWqLCEIVjlBu8J90wb05AORa6boi9t5QAWjgkypblF0AmUpbIui10AAXS5SlG9KgGosq9RiVBTSmKorIIpAL5XyAFTxSRzRtkie17HC7XNNwQlE0xbIUDK2mkonVjJb07A4ufY6BpIOm/qKmjkbLEySM3Y9oc08QUoUxbIyqOWphhmhhkfaSckRix6RAufgpTYalCBNQlvcahGh3FFkABCSyW5QCoSJUAIVTnb3Ma9kQDHHoue6wPDq61VkdjznHZx4ext9Mz3k28FKVkpWaqVYb6flI/dXUMf+GIn71qMjqRCxrqhrpA0Bz8lrnjZGqDVE6FnR1VRHLIZXNkhjfkc4NsQbb/ctEG4uFBAIQhAIlCEhQCoQlQAkJsLlKmuaHtLXC4IsQgMprTic5rX35rACKZvrutYyfgPeetNaD9DmDMb8xbrf9wKenw2ogMTW18+yjPodG2UbhuulGERAbPbzc1vfm2YZO7de3Zey0+ibPlvczcEwalqaEyVrecO2sgax50jGd2gHHrvv1VeWkc/GoMPM8wpoZXBrs5zZXR3Mebf1d9it2XDgZnzU9RNTPk9PZkWd22IIv2hL+i6bmuws/V2faZjnz+tm33S1uOaN3ZQrqGDCYo6zDozDIyVjXRsJtKHODS0jrOtweIRh+G0uI0cdZXM5zPP0y5zj0P3W8ANytnDnh7Zn1ElVLEbxNmIDWnjZoGvaVC+glZmNO6pgEmZz44Xsy3v1ZtxO/SyjTyRp5MqkpmVuPupKt76iKlikYC9x6YDmkB3G17e5XYb0GMPoqdzm0to3tjvcNLiQQLndpe2vXorNFhcVBUOqIIXhzgW5doCLEgk3O83A8VNzMS1rqqRrmPLWt0cCCGuJHUjaIbRcQgpFQzEO9Nd6Kcmu9EoCN29MJsLqSwKjeDYiysi6dInj6cIsbXba6xHYTBh1PAyaaprQJLQUpIDXPvfd4nValNLkOR2g6lFjJhjghqZatlI6CTMyR4u25BFiO0FQMc67mNKDQVUshppm1rniaOIVRdHIXOAO4DUE7iOCs0NLhcks7oKKLYimZLc3JNyTY69WUKlSYgzFZzOyOaoqGPZ6sYsLkNaLnQkXud+infOaE1rW0zGmpP6xpnPRJIbYWbxeD71blexo88K0f6kdXWVsghmkljL2wRSsywAua6R2Ww14Ap7ajYYmyWoc99OxoEpnia193Zsp0H7oHvRPC8vcyQQNuGDoyuOUR+jaxBG93fZVRXxDD3SGSlLnxsJjdd7nOFnAdJ3VcqVFkviMaVUWNpNUCaGeqfHPLUGxEpYIW5Wl27fbNYX611cbQ2NrWkkAAAk3XC4rVBlNJUQSQSyl2YnmrDYHe4mxtuHWul5M4nJi2Gc5mdCX5y3JFfoW6j29fvUOLSsxnmjPRD5cUDpjFH+y6xDRd3gmcoG/+CVn+D8QtR7SWOyWDiNCVzZZjP6RmkkojJDs8gj2oyXve4BOpPcsXaNYOPMpbUV+RTS2nqrjXM37l0rBaSQ8bfcsCkwvEjRyU9o6Br3lwfC6zxc3/Z7NNStukjkjaWzPa92mrQR96mN0TxM45Mjmu5YQhCsc4DenJh0G66QOHq/FASKlLhkc2INq5ZZHFpaWx6ZRlBsPF1+8DgreYNNtVm1fKHDaKqfTTyyNkZq4CNxA8FKvsWipPYp176uLFJGxVc5aJKdzYy4BvTksRoL2sFLh+OTVdfHTPpWsvo45zc2vdwFtW3FlrUtXBWU7J6aUSRP3OCmvfrVr7NFnJVTRy8OK4hSNdNPaWGVz9ntXdbXEZW5W7yLWB9UqweUVQGkDDnGRuZpZmPpMuXjd6tiON1vSyshjdJK9rGN3ucbAJzHNfGHtcHNIuCDoQnMvA5k9aMfDcXqK+oEfN4gxsed0jJCcwuQMunYqtPi9TiOIUEeQRRmQukEb3b8jjkdoNQRqN25WWcqsImc1vOHMzGwc+Nwbfvstobkem6Jf0d4nNcpKyikrosOqHsjjdZ9TLluco3MBAvc/co5MacDUwU87hJLNFzNjY98Zy3y6btHLqetKikq2IU1VUcI2qezDubwVcr3v5w2SlLOiI+mS69uOt79ik/SlVDDGyirp5YhAznTnRD/VtQLt04X013XXU4ficdfU1kMcb2Glk2bi61nHXd4K9qrOflF3kp6o41s8tbjFLDFiE8sTJyIpywB2UxG9tLHr1stfDGS4pg0tPVVEjss743P0Dnsa7ce8aLbUcFRDUNLoJWSNByksN7HgquVlHO1ohlHSNo6cRNcXdIuc529zibk/FToQqGe4JLJVHM90bMzWZ7b9bWHFAPTJzaF3boPeom1L3kWawAm181+3go5HbfZiR+UXPonc4IC1s2bLZFoLLZbHgqxnFFIIZX3jNsjidR2Hj3pu0LsheZH/ALL2g2Gbq4fyUyAPjlGzjYw/1bi7eTvBIHZ2oCzztp0jje/S97WFvemvmnyB+VjGkE9bju9yhZHJeMOmNg50fRFrdf4I2Ueypybkk2Jc4myAY3awxQRAxv5y8ggt4guJ39iZDWy04fAWNk2TwxvSsXAkAW7ibKeaCF2IU7GxsDSx73WFr2ygfes97IzT0cocGyF5lJzHotOoHxb4IDSdiOye9s1PI0xtD3lpDg1uup8D4KSLEaSVwaJmtedzX9E+BWJLI90Ugu8unBkfnAymNvbv3AdXWU6tqKmR8b6lkOzYC0tAB6gXaO0uBp7ygOiQsnARAKd5ilkc/wD2jHXDWHg0brdy0trHe2dtz+8EBIEqbdLdACLpCU1zrAkIB10XWZWYnJTvMUdPtZg0PIz2GW9ieN9DoB1JtDjlPWVIptlPDMQTlkZYab9fu4oTys1roUbXh18pBsbaHrTroQKhJdCAEiEIBEhSpEAiR3olKgmwJQDBdOtfqUd2eo3wRdv923wQEbosxVXEqSesw6ajZMGNmGUuczNZvXYcVeuz+7b4Jj5oGSMjfs2vkNmtNru9ytZVxt6GVhXJ2no6cxuMk0l7l4e5l+GgNtFoMwSh1LqVhzG5vc3PE37lY6PXE0d4R0P7tvgjk2FFJUDMNoYzdtHADx2YUzYYmehExvc0BRWZb+rb4Is3+7b4KLZNInewSMLHsDmOFi1wuCEyOGOIERRNZfflba6js3+7b4JOj/dt8AoJJzftTTftUXQ/u2+CLt/u2+CAeboZ6TvcmXZe2zb4J8ZBuA0C3BAPQhCAALmyXIOHxSDen6oBjmXOi5GYV/0vxAYdHA+Y09iJt2Xo7u29t67C9lz9fheHy4pNUvxaSlnkaGvYyZrTaw049QV4OrNcTSbsxqPFRQ4RS0eHufHNNM7ayyR5yw6Xs0Xv/BWosZxdsVZDAHVsgYHwz82LDvFxlsL2v/3Wo7k5QmgghpnywvidtI6hjruuevt6lJFgjxTzxyYpWvmmteUPtltusFdyiaOcGYVbWVFdgNblxdlS1ga58b4AyQDcQRwvbUcN66fAmSswKkE0gkdsgQQ21gRoPcLBURyZZI2qdV1k09RUxiN0uUNs0EHQe4LZpoG01JFTtcS2JgYCd5AFlWUlVIpOUWqRwOFUmIYngj6Cmpo+buqMzqh7x0TYaW38Fq0tZjE81fDBVsjp6CYgvcwFxY24yjTgN5WtgcGH4bTmkpK+OcvkL7GRpNyBpp3KxQ4XDQS1soe54q5DI8PtYXvcd2qtKa10LzyJt6GA2vx6owuTGoqqCOnaXObTGMG7QbG539R61LHi2JY1iMcGHVDKKNtOJXlzA8km2mvelpeT9FXQvFBis5w50hzQMdpfhfw6lfquTsb6qKooamWhkYwRkxagtHUjcQ5Q/iOd59W4dDi80UjY6k1zWvc1ocNc17XXRYziFRR4rhUUUuWGZz9s3KDmAAP4ncms5L0baSrpnSzSNqXh5c4gua4X1B9/Wih5OinrYqqqrp6x8ItEJNA1Q5RepEpQev8ANilh0+PY1C6up6+Glgc8tZDsg6wHba91k4VU4lQ4RLJSyuEDqstlfHCHujsBd1u3TfwXRU3JttJWCSlrqiKm2gkNMD0SQb27k+Lk9zak2NJiFTA7bGYPFt5AFiOsaKeaJPPDbt+BPgFS6ronPdXx1wDyGyNZkIHBw6itOyoYRhUeFxShsr5pZn55JHWGY9w3LQWUqvQwlV6CJHtD2FpJAOmhsUqFBUyZWGAluUdHTNvzdYPfv8FO2Rj8wboXC4AF7OH4FPrYRmbMN+gPX3KGP0bDcOpATOcZCcsZtMNLm3SH8/BRTPfbaF0ceYX1P7TUtyNxKhZZ8jyWNzNdoba8boBHTB5kLZJZQLP/AFbco7dd/VxUdi9sMzWtax0oaMxLrA3OoKmkds2ukAuQwt7xvsq7I43RtDW3BIIBN7IB04jbPK1jxIdkAwsFgHkkdXu3qtsnvhaxhd03Bmp4uzfgEmJVgpsQMUUsbZWhkhD2nKSL2bpu6imUle9kRMuziMN33ac+a+l+wDUdwvbWws4SSTa3LOElq0WamKVpc8ua8aU4awZc1tbdfWmQ82bXww1DQ14IzZumXv79d5193aihmo60ZmVLamOmYXy5H9HOeofFWmNfQYVnYGsneQXEDdfq8FnOXJFyfYhJt0Px+QxYbkbo2R4Y4DS4N7hY+Lw0tBWQU1HTRsdkMrpHEuNhpYXOh7VYmmkqsrJ3Z2A5rEaXTpBtpGvkAe8aZnC5tw7l5c/iMOyO/EnBJCQ1OI0b8PlnrecxVZDTG6MDICAQbjUkXXQ3WLuFupYU2L1tBWVjIJbRtluGOaCB0QVbh/iCySacaMsuPmqjsqupbS0ss7wS2NuYgbyucn5Xx2tFSPPa54C18aeP0VWNB3xkBcESYoGublJeTd2h0FtF7eKMZLUvwuLHONyWtmlT1MmKV01VLo8utYH0QLWAWg6nlc1oEpADw4336G9rrO5PPEhmOUA5+rrXQNaMtzvVpVVGuRqlGtjHxCOWodI1lZUUT32zua3ozaaajrFgO5bGHY1TQ4dCaqpkcGtAMsg14XJA+KpVdQY62lhs0xzZw4EcBcKCvpInQDZ1UlGY9Q+I2t1buCzcH2OeWG1odbBPHURNlheHxuvZw67GykusOhxSmZLIJDssxABO7QceK2GyNc0FpBB1BBuCqOLW5zzhKD1RIkTNoEZ1UoOQkulQCJsz2xwvfI4NY0Euc42AHEpyhrG56KdhdlzRuF7XtogMuXGojIYaRjppyQGsy2zXFwQOFuvQaFUsQbj0DNrG7bh7bOZT3zRns4jtFrKrh8TaGGCsgkD5tI5HOdfOLNBaffmI7hxK34q9srHExmNwGjXa3KzdKLk3ojZRl/5RzsFXir52QS1dTE97rBsoylgPUdAT71PWYe+JklZNW55ACQ4C5NjlAuDoVJiMdHHHJV1mY8TmPSPUAqV8OZhwrpaaWJh9Bpd0ncLaq2H4licIuMX42Wr8bndFKNJfoXZYqqhp3OGKkdKzWB1y49mvCxSVj66lhMgxR8lpCwNB1JBIPxHxCoTVOEU0LHyxSte9uYRA3cB1X1sEUFdhE9SxrI5IpLjLtNxPV1rX1seVz6cml7L9wku/6I6/D4Zo6KMVD3STEZnlxubnq9ytZVj7WT+8f5ipKZ8j6mNpe4gu4ryI/FIznXLucsuHesmzSLTwTS0jeFicoDEMShMldNAWRZrMjLgy7rBxNxYXIvxA6lBhdXh1DK7LLVyvlLIWB0Z06INrX39ZPaF6/LpZhyaWdAUlt3FZn0gocokIqGxlodmMRAtmDfvNvFKMeoC5jQ94LyGtuzeeif8A5j4qOV+COWXg0k+Le73KnRV0FfG6SnLi1rrHM23VcadxBVyHe73KtUVaolQhCAG70+/YmDenoBHb1xGJGIcq6/a4c+vGxFo2C5abN6XZ39q7grnqnCMUbjlRiNBU00W2YGfrASQNOq3ELTG0mzXFJJuyhheKtwrAKWKF7KyonlcI2Zi1rOIJda3w3qyOVToIqptXSNFTA0Oa2KQOY8E2vcbt6Y7ko+GjpzTzxyVcUhkdtmdB994tw0+9WabC8TjhqH2w2KeQARxsg6DR1gnfr71Z8j1NG8b1IMVxHFJ8BqnmngEdmnb09RcZTvt13Bt4rbwR80mCUrqhgbIYh+1muOo37RYrCi5N1jocQLua0zqmIMbBCXbMG4OY9unxXS0UDqfD4Kd5BdHE1hI3XAsqyaqkUm48tI83pY46nCjS01FLLiLqi7JWN9Fumhd/Nt66mHHcQmmnpKegFRJTS7OSQus3KNC436zY6K/ydwubCMPfTzvY9zpS8Fl7WIHHuRhOFzUNRiUkj2OFXM6RmW+gJO/xVpTTsvPJGVmXR4/HT4XEKLDo2z1FQ+OKCLRpItdxPvCs1GP11HBFHV0DGV00hbHHtRlyi3SJvpvsq8fJmshw+n2VTGytpZ3yxuFy0h1tDp2J9Zg2KYgyGqqn0hrYHktjykxuZYdE+8fFPoWP6dgeVj4IKptVSsFVAGlrYpA5jwTa9xuGq1cIraysDzUwQCMAFksEwe11+rjos+nwrE46aofbDY55AAyJtP0Gt6xffr23+UmAYPU0NdU1U4ggbM0NFPT3yA8df51Kq+WtCslCnRuhKhCzMAQShCALoRZRCdji4C/RNigCocNg8X1sqUW53erMzwYHjrIVaHc7vQD7XWPSY5Q1NXJHE6XOASWGPU232Avf3LaCwazk/hFNFLWSCeIRgvLmS637L9d1aNPcvBRejLH6UoauJ/N6gODbZiWOaG3NusBYeOVlTBiL4YqiaNjWts1ryAOiOCfycZVYpVOq6yaWSCmdeJkj8wznd32HXxsq3KE/+NT9gZ/0hdnCQSytPx+x18PBLK17fsLgzdvNM57i4ggkk3O5bTqUMY4scY3EekzQrDwCdsLqpzuLbfFdHhz48RbMHZmhpAu02Oq3zOlb2NsrpW9jOY+oZSyy0Qa9szA5sbGNjv22Ol/ktWSqfUYWDK8OkzNzWsCLi9iBw3e5YVPmzjD2Ptkk2ALj25R+CWja+OpySWDhCCbG++y4ONwxXDzkn2sz6MbT/Mkxavkw6kZLExr3Ofls7cNFqxuu1pO8gFc9ylP+pQD/ANz8EVOKYrEwVMdK2OlFsudtyRxOtx8F84uDebDBwpNt7v8Awi9HSZllQUMFbiWJbcOIa9lsrrb2qbDsQbX0gmaMrr2e2+4qXDG/61iLuMrB/wAirwOFw4hwmtUY5m1HQ12uJaD12WfNhdHVul20GU5tHM6J6rnTQq+30B3LI5TV9Th9LBLSyZHGQg3aCCLdq+hgm5Ujlx83NUXqMpsEbhTZpIZzJG4h1njUe9LWVE1KQ2WIx33E6g9xCv1b2uweSSdxa10GZxboRcX0WXygnZV4XSVUJu0vI7iRqPgtMcm5Uzq4ecp5Epaoza6sBkppv7qXXsBBaT8VJVT5qWS5vdpFu1GA0LMQrS2cZoY25nN9bgO5WsQfQh0uF7EvkaMtPMxoBa47muPXY2F+HaLreTUZUds5RhPkSvz7GVLUbRrSNzgDbvXT4VWRx4TStkkaxwZYhxsRqVh1NEzD8ZbTROc5rIgbuOvoqxRgSPqC8ZrSBov/AIW/NeZx3G9JqKV6WVzJZoxX5mnV4i142cNSGX0zMcA4nfYeG/u7VLT4rABHHLODKSWE5TYkX1vawva/vVIU5LRMI+iw2zDcCUjWhpdb9o3OvWvNfxCa15TBcJF9zoY3hwuDcFTBUKR1429yutOi9eLtJnntU6HKCuJFDOWtLiI3EAdeinUFdtOY1Gx/rNm7Jr120UkHFTQNDZGWOQOzjuK18PdIaQOnIvrZx9XiVXghmfDTtnbaUMDJPDVaLWhrQ1osALALx+OzuGPpef0PUxZG8fKcnW1k1fiIk5rLPSxE7OLKQD2nvTamulxPNVSxtZBStFoxq0vOg/ngF0WL87lonQ0bS6STolxdbK3r+SqnBrYCaFhAmNnl3UX/AC6lvi4zAoQk4pa0tbpd3/NSKEwXDIhTNqqljZ6ifpl0gzWv39fas+eFruU0nNYGOEDdoWNYLEtbe1u+w71NTnH4qZtIyBjQ0ZWyutdo772+CuU2Hz4dTObSgS1k5/WTvPRZ+J/E+Cr1HiyTnLIm5aJXpXl+EkBWV9Tk5u1m2rHOOTMzIAz13jq69N5t2rawmN7Z42ySmV7QS55AF9OAWKMNlgni2D3EXDpJTJYufmuS4ftC2gHVquhwwf6w48G/iFyrpyzQWOqbv3/4vbT9Ck7UHZDjNJVy1JkpaSmmaYC120iY5zjmHRuTusSbbrjtVWkpa41wkq8OpMoG0MgjjzOdbQXBvmva53ab1sz85MhML2hoAsHWsT26XUeWqy6yNLi/rAsG+C+gT0ONPQwoKfGDHCyagpGWGpEcRDLXIAF+Nrd5Oi1KOiiZTwuqKam5yAHOLIWizt+ndpr2KUtrD/tWNPXZoI9389SVgqA9oe9mXry6X/nsRuw3Y+GGGmjyQQxwx78sbQ0eAU0W91kxPh6+4KhmSoQhADfSCksmN9IKSyAaVnVT6kVDhGZMvVYaLTTSFjnxPLHlTr8C8JcrurMjaVnGXwRtKzjL4LXsiy5PQy+8Zr1l9lGRtK3jL4I2lbxl8FrpwT0MvvGOuvsoxtpW8ZfBG0reMvgth25A3J6GX3jHXX2UY+0reMvgjaVvGXwWwhPQy+8Y66+yjH2lbxl8EbSt4y+C2UJ6GX3jHXX2UY20reMvgjaVvGXwWyhPQy+8Y66+yirh7pXRO2xdfNpm7laQkuu7HDkgo3ZjJ8zsVZdM/M+U8XXWJieMYlDiE7I6lzImyFjQ1rNPEFU4cTrGkiKV99xJa233KzdGsMEp7NHWyn9W7uUUG53eq1JUPlomOldmeQcxta+pViA6O71JjJcrafYmXI8scS2kzMOicMrCHSm+mbqHu/HsXVuJynKQHW0JF7Fc79Eqd8jpKiunke43cQwC5+K0xuKds1wuMZc0iehxTB6Cjho4qxri0WJax3Scd53cVhY6b4zVdjrfALbj5L4ZC4PvUPc03GaQfgFg4w7Ni1WevakLs4Suo2vB08Py9RuJVpX5Wygby5dTyTN4qm+/M37iuTpt8v8AiWzgeItw+pdtQTDILOtvBG4rszQc8DUd/wDp1ZYOeFpb/wDRrmv+ko2dg/nY3i49LrV6eMQYtNGHFwjiY2567Aaq9Li+ERSGpYGyz23tjIcfeQsWnqH1VXU1D7BzyCRw7F5nHOUuGnJxpJJfNGUXKX0mqpUQ8oXf6vT/AOMn4K5WYhSvwyVzZWESRkNbfW56rJZqaGpa1s7A8NNx0iLeCrT4JTzSmRr3R5jctbYj3cF89iycPKEI5G1ytv5i0N5N3bSznqLxbwW/hg0q3cZ//gxUYIGU8LYoQGsb27+0q/hotBLxMx/6WrXBkWbi5ZF3/wCHPxDuJpN9Edy57ln/AGfT/wCafuXQj0R3LnuWf9n0/wDmn7l7GH+4jDD/AHEVcQxDEnYa1z6QR4e9jWBx1du0J10vZQthc3kyZTudVAjuykKbEcZixDCo8PpYZXVUoawsLbZSLfJa2NxCLAHRCxEQjFx12IF1ps1pWp14sjg4wqrZU5IvaJaph9ItaR3XTJsDrH42ZA0bB0u02t9AL38Vj0lTLR1DZ4HZXt94I4FXqvlBXVEYYDHCAQSY26m3fdaShLmbj3OvJiyrK5wqmWMW6XKSY8IW/gjD91R2zH/pas+lqJqutlnqJDJIWgFxt+HctHDtYpXdTpnfDT8F838S0yNeEikYuNRfY2aZjX4VMHPDG7QEuIvbcq1TBzeQNDw9rmhzXWtcFPZOxuHywG+d7wRppbRR1EwmMelskYZ32XJklB40u6S/2RFSUn4sv0X9W3uV9m5UKIjZM11sr7Ny97F/bj+CPLn9ZjwoqtofSTMMYkDmEZDudpuUoTZpGRQvkldlYxpc48AFoUOS5zDhLS6ShfAy1o4GDKwuO/ed/cFu0tLdrZpoyyVzdYs12s/iq55RYE6xNYw23Xjd8kv0kwT24eR/yVPTq7cbf4Gz5+yZf2Mf923wS7GP+7b4LP8ApJgntw8j/kj6SYJ7cPI/5KehH7PyK1k9yxPSOlcDG5kbR1AKk9hjmMJc9zwbdHrU30kwT24fZv8AkmDlBgLZHSCsaHu3uyP+S48/w5ZHcVXk2hkyR3RoRUcIa0va4utqC5TxxxxX2bA2++yyvpPgY34iwf8AA75JPpVgP1lH5XfJdUMEIbR+RjJze9mwSm3WOeVmAD/9kzyP+ST6W8n/AKyb9m//AOq0MzXPxSb1kjlXyfO7EAe6J/8A9VI3lLgr/QqpHd1PKf8A4qLSBpG/ZftT4RYu14LObjmGu9F9Sf8A+pN/9VepKiGpjL4C8tBsc8bmHwcAVClFukyaZYQhCsQK30gpLqNvpBSWQCLmMcx7EKLGBRUjKdwcwOG0B7e3sXULnsY5Oy4hiYrYqzYOa0NFm3IUaWr2/ng0xct/SM36QY+C0OpqVpc7KwOBGc9QGuqP0/j+Z7ebUl4zZ3ZoD63A/fwUw5J1rS4jF5LuJJNjqTvO9MbyOqWh4bijgJCS+zT0tCNdeBPir3i9/wD6N7x+wyblBj0IcXU9IQ0OzFoJy5d99dEruUGPstmp6RuZ2Vt/2ncB0tb9SkdyRq3uzOxZ5PSNy09e/r604ck66xAxiSxFjofml4v5zC8fsQy8ocehcwS09F0yQL30sLknpaIbyjxx7SY6aiflbmIbcmx3ftdfVxU7uSda8sL8XeSw3aclyD4oPJKrcLHGJbXvbKeN+PEAq8XjrT/YvH7fMjGP4+S4c1obh2XUnXS+nS3W60n0gx/Zh/M6QXFwCDfdfdm32Up5JVRa5pxiQhwym7L6a6b/AN53iUr+SlY9mV+MyuH7zb9VuPBWuBF4/b5lZ/KXG42yF9PQgxNzPbrcDuzda3uTmJTYrhfOahsbX7RzbMBAsO8rKdyUq3sex+MSPa++YOZe99T1rYwPDP0RQc12u16Zdmy23qsnGtCmRw5dNzRQhJdZGAqa4uG5oPebJSkQHOVmAVk9XNM002WR5dZzyCOz0So24FiDd5pPc4//AFXTouopGyzzWzMimw98UQZKC89eR9h9ynFNIzSCEMB35n3ur6DZSZNtu2UObVZ/bhZ4n5JDQzH06y3+CL5kq/oi6EGa6iaN76iU9rrfcFzlbycxCarmlgZHle8uAc43AJ3LtrJLK8MkoO4svDJKDuJwUHJbGWF146XpdZlPyVpnJTEnenUUsfcHO+S7OyFquJypUpGnqcqVWcm3kfP/ALTEW/8ADF8yp4uS74QQyvNzvJjBXSpFlkyTyx5Zu0VebI95HPfR6q6sQb9j/FKOT9X9Ys+w/it/RF+C5vT4vsor1J+TC/QVQ30sQH2P8VZp6U08JZtNr0i4vtbf/wBlpOz9Qb71Tnw9s8jZCWxyN3SRizh7/wANytDFCDuKohyb3Y4EABQ1NHT1rWNqIRK1huAd11LzFx9KpkPcAPwS/o+A+ntJBwfI4jwvZaJ1sQnWxE4U8D85EMb7WzEAG3C+9VazZ19JJTMktnA6QaXAag9XctSKipo/6unib3MCnDbbhbuU27sKTTtHKw8lw43fVSkfuwZfvcrQ5K0lunJUH/jaPwXRIIV3lm+5u+JzP/0c59HYacHmz5Bc3Oc5ksOGTRMyAsAuTfU7yTu966AtTdn2LlyYMeR3NWUWbIu5jtw51+nK49wAViKhiab5bnidVfyDglDVMcOOO0UVeSct2RsYALAKUaItZIStSg5qgxFm0w6pZnDM0ThmIuBcb1OzcqeNf2JXf7u/7kCOGPJeQb8Rt3U//wDpPZyYadHV8p/wxtHzWtglb+kMIp6i935ckn+IaHx3+9XrDfYX7l8/Pj+Ki3GUtvwPTSi1f+zBHJal/aq6s9zmj8E9vJigG99U7vl+QWniDpWYfUPgcWStjLmkAaEarI/SlXUmJ1NKGseY4GktBBkcLud7lfFPis0eZT0/EhqK7E45NYZ1xTO75XKRvJ3Cm/8ApAf8T3H8VXp6ys58yjdUmT/WizaZQC5obdwPiFHFWV1bXOihqzFGZJXBwY05WN3KzxcS98mlXu9v4iPoeDQGCYW3dQw+8EpxwvD2N6NFANfUCggrpxyeNa+0kzWOI0sHWJANvimMjxF1I6Y4g18T4RIJAwXa7ebC1rWuFj08tvmns63e5ZKPgttoqXc2lg90YTpeb0MTTsQQbk5WN0ABJPwWXSy4g6OjjNZ+srQXXMY/VtGtxxJFlHDUVeIPggdUMDo2yvdM6FrrtBsDYjTcdy09LK/pSVLff39vKaDkq0RqjFI2ucNjMMt7+iBobHr4q62V0kQcczcwvYnULnaZ8+ImliMkMB5tne7YMN+kQ3QjTS+5b8MbooGRufnc1ti7KBf3DcseKwwxUu/5iLbC5PWrHJetFdDWyMN42VJjZ2gNGvvNysTH600GFSyA2kf+rZ3n+F1Z/o2/sGf/AHg/9IXZ8Nxb5H+BhxMtonXIQheucYrfSCkUbfSCkQAkSoQCJE4pEAiUJEIBSkQkQCoQhACLoSEoBboSAoQAhIhABKLpLougEJRe6NEXQB3pUl0l0A66S6bdJdAPukum3SXQD7oumXSEoB13diQ6bymapblAOB7U4KPMgO3ICWyLJt0XQDglumXRdAPui6ZdF0A+6Lpl0XQDrpLpLpLoBSU0lF00lASxm4PequNf2LXf5D/uVmE3ae9Vsa/sWu/yH/cgPPOQ1dkqZqF50lGdg7Rv+H3LsXNI3aryuhqX0VZDUx+lE8OHb2L1WKRs8LJYrlkjQ5p7CvB+JYuXIprudvDytUVa2QRUNQ8/sxuNvcsfo4fBgzpWPEEYc95a2/TI0+JWlPj1DTVD4Xul2kbspLWXF/FK3HKcsEjY6stIvmEWlvHsKYceeEa6baf7Nf7NnTMWB8lBVw1VVBK0yNlkYAwkmRx0HfYBVzQuFHVCQPbLS07dAbdJzsxB46Gy334xFmjsyrYC7UbH0rg2G/8AmybHi8bi57BVOY4DZ2h0Hx11uuxZOJWqxu9PPZ7beG/5oVpeR81UKLDqeQU+eGzWvDR6DSNTbrWcwmDA8SdAyRtLI7LTNcDeztDbsuVeixaNrGNdHWPkAALtgQST7+tIcXjLHRtNWJndIO2OoBdYaX93eufHizQ06b3T7+b8fPx2JdPuQVcv6PxCnLo5HNjo9nAGsvmfut8Asp1ARRVpkD2yUkMbAAbdIkl1+K3/ANLR7VpEdYGFtsuxOp/7JI8Xjb0XMq3P1cLQnRpNh1+5a45cTjSrG70+Tvx+P+SKXkzRLh7sYm5zETlMbKdrWGzbAcO1dCSbrPlx6mittRVMzbs0dr/FRvxyl5nU1MWc7Bl7PbYEnQDxXLxGLNOm4NVS1/x+RdVFWc3ywrucYkKZp6FOLH/Ed/4BdZ/Rt/YM/wDvB/6QvNpHuke57yXOcSXE9ZK9J/o2/sGf/eD/ANIXt4saxwUF2PNnLmk2dchCFoVFb6QUiiBsbp2fsQD0JmfsRn7EA47knvSF1+pJm7EA5Cbm7EXPBAKi9kzXiiyAdmCTMksUWKALlF0WKLIBQdEXSaosgFukuiyLIBEXRlRk/myAS6S6dkPH4JMnb8EA0lF0uz7fgjZ/vfBANukun7L974JNl+98EA26Lp2y/e+CNl+98EAzMkJT9h+98EbH974IBl0XT9gfX+CQwE/t/BAR3Sg6hP5ufX+CUQW/b+CEiXRdO2X73wRsv3vghA26Lp2y/e+CNl+98EA26Lp2y/e+CNl+98EA26Lp2y/e+CNl+98EA26S6fsv3vgjZfvfBARkpLqXY/vfBJsP3/ggFg9E96r41/Ytd/kP+5Wo2ZARe+qZWU4q6Oanc4tErCwuG8XCA8LViOsqomhsdTMwDcGyEALvP9HFL9YzfZj5o/0cUv1jN9mPmoaT3BxRrg4kua4k6kk3JWph+MzTyNoy6OKORoju5u+wsL2I6tF0P+jil+sZvsx80f6Oab6xm+yHzV5Tk1SZr1pdyNkOITzCVtXE+Rr9oHCL9q1t17fDTWymioMTZBFCKmMMhADP1BNtCOrfvO9IP6OaYajEpgeyMfNSs5CbP0MarG9wt+K5ZR4jtP5I0eeP2ROY4oxtmVcY4Wp7WN731O+4GvYoW4biQklkFRCXTWz3iGoBzW36C5V+PkjUR+hygrh3i/4rTbg727q+XTi0FYy9avqyT/JF4Zcb30OfbQ4ozVtRAzpZriLr01/nj3WxcTxCvwaveHuY8zNaS/Jo8C+niTf3LvRhco/9Y498YVDGOSzcXijjnq8ojN2ubCMwvv1vu3eCthnxin/UqvyInkhX0dzzysxqatMZqLv2TAxu4WAVaavdJSGma3Kxzw9xvqbDQfErt/8ARxS/WM32Q+aP9HFL9YzfZj5rulJyVMweWTVHna9M/o2/sGf/AHg/9IVf/RxS/WM32Y+a6Hk9gkeA0T6aOd0wfJnzOba2gFvgqmZqoQhAIdbA8VIWRtBJa0AbyQo+sd6klZtI3MvbMCLoBkboJP6sxu69LFOyx+qzdfcFWkw5jr5XlriLFx1J0I337R4Jpw27TeUBxfmJDSButa193Xa6nQnQtnYh7WHIHO3DS5SAwFzmjZlzd400Vc0LhJTvZKG7Fob6JNwN+89fbc9u9K+je4ZRKzKCS0OjvvOt9dfh70GhZyx3tlZ4JCImtzEMA4mypvw39U4Mku8jRzhrvJ18bJf0e/QGZhG+xj0zZi4de7Xd8U0FIuZYxvazwCNmz1G+CpjDQ1rv1gJN7Fwcd9v3t/R6rK5EwxxMYXZi1oF7WuoBw+N1VTHjFUyOqqGMa7RrZXADQdQKp88rst+d1duO2f8ANT49/bdX/j/AKmyXLl6Nw2/Wt+2h1xSpEnPa21+eVVh/7z/mjntb7ZVfbP8AmkNTwZbUHf23tuSGc5SA2xtbfu7lGvgtSF59We21X27vmny1tYHi1ZUjot/2zuA7VWccznOta5JtwTpfTH+Fv/SFcikTc7rsubndXbjtn/NIK2tJsKyrJ/zn/NMZLlDejctvvOn3J3ODe+U+YD8FXXwKQvPqz22q+3f80c9rfbKr7Z/zTecHXo62I3/zqg1F7dEjudv79E18E0h3Pqz22q+3d812OAPfJg8D5Hue43u57iSdeJXEPdmeXWtfqvddryd/sSn/AOL7yqz2Mcq0NNCELI5wQhCAEIQgBCEIAQhCAEIQgBCEIAQhCAEIQgBCEIAQhCAEIQgBCEIAQhCAEIQgBCEIAQhCAEIQgBCEIAQhCAEIQgE6x3qdQdY71MgFQq9LWRVb6hsOYiCQxOcRoXAC9uNr271RqOUWH0znNldMHCV0WVsLnEloBdaw3AEaoDWQqFFi9HiE+zpJDKDC2YPA6JaSR43BuOpX0AIQhACRC5iXEeU1Q97qPDY44Q4hhkFnEX00Lh9ylKyspUbM+C4dUTPmmpmukebudmOvxUf0fwr2Rvmd81lYTyokfNUU+LRMgkhaXFzQRu3gg9f3qsOUeM4pM9uEULdm39pwufeSQB3K1SI62mjN76P4V7I3zO+aPo/hXsjfM75rMix3EaemjgrKVr8TnkLYYGjLp6ztTpe/grdZ+laOglrZMQh2kTc5i2IEZ7L3ze+6jXyW6rLH0fwr2Rvmd80pwDC3G5pG7rek75rnG8tZzWAmnjFPlvlAJeTl3Xv63ZuWtyfxHFq+sm/SFJzeFrbsBhczW/E71L5kRHNzOky59H8K9kb5nfNH0fwr2Rvmd81prFxXlRhmFvdFJKZp274ohcg9p3BI80nSL87Xcn+j+FeyN8zvmj6P4V7I3zO+a5Gt5eVst20dPFTtO5z+m75fesSox7Fqq5mxCoItqGOyDwbYLojw+R7uiryvyekOwHCWi7qVgHa8/NWaaOjp4mw05Y1jdzQ/+K8fdI95u+R7j2uJSDfpe/Yr+lfeRV5Wz2nZt4fFGzbwPivIaPFK+geHUlXNGR+zmu097ToV0ON43W1lHhsokfAJoS97I3FoLg61+NtNFlLhpRa1HOqO92beB8UbNvA+K8p55Ve1T/aH5rpMEwCurYG1NdW1MELxdrGyHM4cTfcqyw8qtshTvZHZbNvA+KNm3gfFcbSVMWIcoWRtrNjh9EA2MOnttTftN3XPwA4rYxLCsOMrpajEqilklJdc1eUHuB0t3KjhTpllKza2beB8UbNvA+K4DFMOrKOJ1TSYk+tpWmznxyklnfY/FZHPKr2qf7R3zWkcHMrTKvJXY9W2beB8UhYwC50HElczyQxGZ2G1r6uZ8rKezhmNyBYki/uTqupdIZHTyR7RgvaQ6A+q1u4ntN7rCa5HRvjj1NTo2iJ4uxwcOx107Zt4HxXB1k0lNUOdHKYp2HR8fRsd+4aW7Ny6rk7ipxbDRM8ATMdkkA3X4jvBVUzXJw7hHm7Gls28D4o2beB8Vn4Xib66pqonxNYITYEG99SPwSYpizqSojpqeHbVElrNJsBfcpOc0dm3gfFGzbwPis2ixCtdWc2rKF8ZO6RgJZ47vitRAN2beB8UbNvA+Kes/FpZYm0xgJzGYDKHWzaHQ9irKXKrIbou7NvA+KNm3gfFUZayrpWCWppotkCA4xyXIubbrJa6sqqRks3N4nQs1vtDcjusqvJFKxaLuzbwPijZt4HxVN1XUU8Es9XBG1jG3GR+Yk8NyGzYk5ocKWAXF7GU3+5OohZc2beB8UbNvA+KIi8xtMjQ19tQDcBOWhI3Zt4HxRs28D4rnX8r4Wvc3mcmhI9MK/hnKCkxGXYgOimO5r/2u4rR4ppW0ZLNjk6TNPZt4HxRs28D4rIxXlHS0JdFFaecGxa06NPafwVyhxJlTHGJm82qHi4hkcA4jiBvsocJJW0WWSLdJlvZt4HxRs28D4rGfyjjZihoebPLtrs8+YW371cxfFG4VAyV8TpA52WwNk6crSrcdSNN3sXdm3gfFGzbwPiqeH4icQoW1MMBF3luRzh1dd1de9rGOe8hrWi5J6gqtNOmWTTVoTZt4HxRs28D4riz/SHG6qyMoDsS+wkL7dG++1k2b+kVjZXiLDXujB6LnPsSONraK/Sn4FnbbNvA+KNm3gfFcSz+kIujkf8Ao0jIAf63frbguwjqs+HMq8ls0Qky37L2VZQlHckm2beB8UbNvA+K4t39IcYpWPFA4zOcbsz6NHUb2UX+kY/Vh+1/grdKfgizudm3gfFNe0NIt96q4XiJxCKN5gdGHxNkuTcajcrcu9vvWZI1CEIBOsd6wuXstRFyceadzmAysbIWmxynt77Ld6x3paqmhrKaSnqYxJDIMrmnrCA4T+jyp2mJ1TZ55nzOiGQOeSLA6/grk1VXO5QQOgYKqaOsqmRRySZQG7Nml7HQXJXS4dguHYXI+ShpWwvkAa4gk3A7ynswqijq21TYbTNkfIHZj6TgA42v1gBAci3CqmjnrYufSQzwUHOHup+i0yF73W/wg6W61LPXVlRh9fi/P5YpaDZiKFpsw9FriXDrzFx8F1kuH0ss08r47vni2MhzHVmunxKqycnsLkqI5nU3Sjaxtg9wa7L6OYXs63agMA1FbDKcQ59UPy4q+nEBd0NnmOluO7VT8m58Sqaqlq3trHQ1MbnTvle0xX3tyAG4tu3Bb/6JosgbstBUc59I/wBZe+bfx6tyZR4LQ0NW6opo3xudfoiR2Rtzc2bewv3IB+L4g3DMOlqnNzlgAa29rk6BYFE3lFjEDasV8VJDJcsa1mtr8OHeVv4th7MTw+Wke4sz2IcOojULn4MBx+ClNJFiscdPqAGg3APA2uPFWVUZTvm9jlKnbSz1Mr5DKWvs+Tdm1t+C9C5Lxxx8n6TZ26TczjxN9VRwvkqymo6umrJWzNqA0AsblLLX1HiqkXJnGaIujoMWDIHHdcj4ai/crNp6GcISg7oZh0dRiPKvEqhlSIJIXFjXbMOs0HLpfdoPiVsVOCidmfE8QqamGPpujOVjDbiAPxVSnwCuw2qZV4fVRyTPYG1DJybSO63X1Op1V2ehxKup5BU1EMLiwtZHDctBItdxNidNw0Heqtl4rTVHNcjKZtZjM1XIwWhaXtFtA5x08Bdd1I9kUbpJHBrGAuc4nQAbysnk5gjsGhmbJK2V8rgczW2sANy0q2mbWUU9K8lrZo3RkjeARZG02Wxx5Y6nAYtysqsRr446OQU1I2Vts1xn13vI1A7Ar1TWNpcUkr3VTDIykkyx7UP2bnSW6Lt5BuSL6gcNwxa/kpi9E9wFM6pjB0kg6V/+HePBZjsPrGGzqKoaeBicPwXoqGNpcrItrc6uCqpqSCtYKiIhlXPURgPHSLQ0tt3ncnS1DZJcbYyshjifM5wlZKM39VbpNOj2HdpqD4jlY8KxCX+rw+qd3Qu+Sv0/JLGqgt/1LZNP7Ur2tt7r3+ChwgtXIW/BrbeENw+UzxZJJ6Ij9YLgMaQ646rHipJKynkqaCWKpjE0sdURaQNLZHNaBr+ySQbIouQDzZ1dWtHFkLb/ABPyXS4ZyewzC7OpqZpl/vZOk/xO73WWM541s7LJM5x3JGoxHHp56yRzaW7SXG2eU5RcaAAa3F/+6i5bRMgrqOKJoZGynytaNwF13a5PljhNbW1UFRSQGZjYyxwaRcG99ypDK5TXN2IlHTQ4+MtErDILsDgXDsvqu+5TYi+LC2QULXSS1gyRmMXs09fvvYd6479B4r9Xz+AWzg0/KDCmCH9GzT0wOkbhYt7j+C0yVKmnsUja0K0mFMlq6bB2sDYadpkq6jJa5t0teAGg7+xQz4lBWYjUYjNkMdM3JSUzv2jubccB6R9wXRY/NiVdhMNPSUEzJKk/rQbfq28Ce37rp9PO/BqRtDSYRWVJi0dIGta2R3W6977+xUU9Le5aiHkzhkWH4PUVuINDTUsLpA4WtHwI7dT7wuGZfI2++y6bGJOUOLDZvw+aKnvfZMG/vPWsn9B4r9Xz+VaY9LcnuVl4SNzkhA6pwrFIGkNdJZrSeo5TYqtXSSSGR4jc140lj3ujd1g9nA7iFucj8OqaCinNXEYnyvBDSRewG/RatbhdFXua6pga57dzwS1w941XJlpzZ2cNl6a1RwtTUyTTPlppHxQPsZHyRgBmlt+t/wCdF1nJmlkho5qiVhjdUyZ2sIsWtsA2446X96sQYDh0Ewm2Bkkb6LpnukI7rk2WiqGmbOprlijmaIYhh1XVyMw98wlfpd2XQE/NSVkFc6spcUZSHaAdOEG5ba4+IK03VkzogImtdKbh2/o6ga+5Ar5C0SGAtZmykE6jw+6yk5TIo6Op/TMNQKOWCEkuIc/NbfqfkumVGWrkimeCxzg0kCNrbki173vu7gUfpF39wTv3OvftGno9vwUEl9V6mmbUGIucRspA8W6yP+6dSSvmgD3tDSXOFhwBIHwWbPgoqcRqJ5JpmNkjYGvY+zmkEkgaaD0fioaT0YLlcIKikkjll2bM7Wudusbiw17bD3p9TDHX0b4dp0JBbMwg7j/BVnYLTvkzySTSdIPyyPzNBDi64B3akjTqTcLoZqV04c+RkDmtbFEZA7Ja93btL6aa7u2whxTIotvNPW0AJOeCZgsQDqDuKpwxCQhkGKTvAsOiGm2+2tuwop8Cp4KdkQqKp2SNsbXumNwAb6cL7u7RAwGma5rmSTsLXseMrwPRtYbt3RaPcEcE9xRoREMtC6XPI1tzci5HFSqhQ4TBRTGZr5ZpSwMMkxD3kAk+la/X9yvKxJ59hXNxjTed5Njmfmz7utQVgidiUooA4xl/6oNvf3da6V3JCnc9zjVS6kn0Qr2Gcn6TDpds3NLMNzn/ALPcF3PPBao85cPNrla7nE0tW+kDjCyMSH0ZC27md3UFYZNTwPbKM1bWPIdmcDlY7u3uPgO9dfimAUmI3ky7Gc/7Rg39460/C8EpMNAcxu0m65XjX3cFD4iDV9yy4aadXocXDJI3Go5awlsgmDpS7S2ut1u8qa2mrMOjNNMyUMlGbKd2hVqr5LQVVXLUOqZGmRxcQANEg5KwCmfBzmWznh97DqBH4o8uNtSvYLFkSlGtGR8mcRo6fC44JqhjJTIbNJ11Oir8vMUkho4sKpLmprSGkN3ht93vOnirUXJKCOVkgqpSWODrZR1FXnYDRPxoYtIJH1TfRzPu1ultB/OuqxnKHPzLU6cKmo1JHMY7HJgNLgFOauVobNeoeJHDNq0uvru3qpNPLE48y5aNey/RE5dcDtNjddnjGBUWNtibWteRESW5XW3/APZZf0DwT+7n+1KRnGtTWjjcVx3EXUsmH1FfFXNOWRs8JPRIO69gu0p+U2EtwSNhxGMTCmAIuc2bL991ao+SeD0cE8LKXaNnbleZHFxI32B6tQDoqn0DwT+7n+1KOWOWg1OYw3En1GFRul5TzUVWx7gWyFzw5ulu7rSS43itEwzQ8pKaryEWjs4l3uLfxXW1HIrBZzHeB7BGwMaGPIFu3idd6jZyFwNj2uMMr7G+V0psVbqQ3/YUzcw+pNZh9NVFuQzRNeW8Li6ll3t96c1rWNDWgNaBYACwATZd7feuYkahCEAnWO9Tqu9zWNLnODQNSTuCj5/T+1Q+cIC4hU+f0/tUPnCOf0/tUPnCAuIVPn9P7VD5wjn9P7VD5wgLiFT5/T+1Q+cI5/T+1Q+cIC4hU+f0/tUPnCOf0/tUPnCAuIVPn9P7VD5wjn9P7VD5wgLiFT59B7VD5wjn0HtUPnCE0XEKnz6D2mHzhHPoPaYfOEFMuIVPn0HtMPnCOfQe0w+cIKZcQqfPoPaYfOEc+g9ph84QUy4hU+fQe0w+cI59B7TD5wgplxCp8+g9ph84Rz6D2mHzhBTLiFT59B7TD5wjn0HtMPnCCmXEKnz6D2mHzhHPoPaYfOEFMuIVPn0HtMPnCOfQe0w+cIKZcQqfPoPaYfOEc+g9ph84QUy4hU+fQe0w+cI59B7TD5wgplxCp8+g9ph84Rz6D2mHzhBTLiFT59B7TD5wjn0HtMPnCCmXEKnz6D2mHzhHPoPaYfOEFMuIVPn0HtMPnCOfQe0w+cIKZcQqfPoPaYfOEc+g9ph84QUy4hU+fQe0w+cI59B7TD5wgplxCp8+g9ph84Rz6D2mHzhBTLiFT59B7TD5wjn0HtMPnCCmXEKnz6D2mHzhHPoPaYfOEFMuIVPn0HtMPnCOfQe0w+cIKZcQqfPoPaYfOEc+g9ph84QUy4hU+fQe0w+cI59B7TD5wgplxCp8+g9ph84Rz6D2mHzhBTLijl3t96r8+g9ph84TmTxznoSsfl35SDZBRIhCEIKeL/2VVf5TlwGUcB4Lv8X/ALKqv8py4FaY92dOH6omUcB4Iyt4BKtLBrGSfM1rgxgkAcL6hwH3OK1bo0bpGZZvAIs3gFtzsayvbA0ARtZM3LbfkaQ0nt6IU9WxkUNQ5jGguc6U201OYWFtw6I+KjmK8xztm8AizeAWrUhv6KEuVoeNm29t/Xr4qWn/AFroHuvaofEXsucusxaQOwgbksnmMWzeARlbwC2aE7TD3TSdKQB5JPXaxAPZqVHGGycoII3NBYJGjKdQdB1FLHMZWVvAeCMo4DwU1SAKqYAWAe6wHeolJYkpWjnMeg38OxPDRYaDwTaX/wAzH3/gnjcFlL6x3cLsxMo4DwRlHAeCVCg6xMo4DwRlHAeCVCATKOA8EZRwHglQgEyjgPBGUcB4JUIBMo4DwRlHAeCVCATKOA8EZRwHglQgEyjgPBGUcB4JUIBMo4DwRlHAeCVCATKOA8EZRwHglQgEyjgPBGUcB4JUIBMo4DwRlHAeCVCATKOA8EZRwHglQgEyjgPBGUcB4JUIBMo4DwRlHAeCVCATKOA8EZRwHglQgEyjgPBGUcB4JUIBMo4DwRlHAeCVCATKOA8EZRwHglQgEyjgPBGUcB4JUIBMo4DwRlHAeCVCATKOA8EZW8B4JXGzSeAVYDLJlBIGZrfdYoQ3RYyt4DwRlHAeCga5xZ6R6VvvASBzhE5wJvmGvuUWRzFjKOA8EZRwHgq4c4gHMdRff2JTms853aEgC/AXSyOYnyjgPBdJyUAENTYW6bfuK5eSRzX2B0zAfFdRyV/qan/G37ijOfjH/Rf5fqb6EIVTwz//2Q=="
    />
    <div
      className="sc-AxjAm sc-fzqNJr ekDmYf"
    />
  </div>
  <p
    className="sc-fzpans sc-fzoyAV dbYKJo"
  >
     
    An online marketplace for a wide range of products.
     
  </p>
  <p
    className="sc-fzpans SrvuB"
  >
    Tech stack: 
  </p>
  <div
    className="sc-fzplWN sc-fznyAO sc-fznKkj kqSeSn"
  >
    <code
      style={
        Object {
          "marginLeft": "0px",
        }
      }
    >
      LAMP
    </code>
    <code
      style={
        Object {
          "marginLeft": "12px",
        }
      }
    >
      Javascript
    </code>
    <code
      style={
        Object {
          "marginLeft": "12px",
        }
      }
    >
      AWS
    </code>
    <code
      style={
        Object {
          "marginLeft": "12px",
        }
      }
    >
      CDN
    </code>
  </div>
</article>
`;
